datasets\CAER_S_splited\test\Anger\0141.avi
datasets\CAER_S_splited\test\Anger\0153.avi
datasets\CAER_S_splited\test\Anger\0184.avi
datasets\CAER_S_splited\test\Anger\0185.avi
datasets\CAER_S_splited\test\Anger\0189.avi
datasets\CAER_S_splited\test\Anger\0202.avi
datasets\CAER_S_splited\test\Anger\0212.avi
datasets\CAER_S_splited\test\Anger\0214.avi
datasets\CAER_S_splited\test\Anger\0215.avi
datasets\CAER_S_splited\test\Anger\0223.avi
datasets\CAER_S_splited\test\Anger\0231.avi
datasets\CAER_S_splited\test\Anger\0242.avi
datasets\CAER_S_splited\test\Anger\0273.avi
datasets\CAER_S_splited\test\Anger\0294.avi
datasets\CAER_S_splited\test\Disgust\0036.avi
datasets\CAER_S_splited\test\Disgust\0039.avi
datasets\CAER_S_splited\test\Disgust\0045.avi
datasets\CAER_S_splited\test\Disgust\0052.avi
datasets\CAER_S_splited\test\Disgust\0056.avi
datasets\CAER_S_splited\test\Disgust\0060.avi
datasets\CAER_S_splited\test\Disgust\0061.avi
datasets\CAER_S_splited\test\Disgust\0062.avi
datasets\CAER_S_splited\test\Disgust\0065.avi
datasets\CAER_S_splited\test\Disgust\0066.avi
datasets\CAER_S_splited\test\Disgust\0072.avi
datasets\CAER_S_splited\test\Disgust\0078.avi
datasets\CAER_S_splited\test\Disgust\0085.avi
datasets\CAER_S_splited\test\Disgust\0130.avi
datasets\CAER_S_splited\test\Fear\0033.avi
datasets\CAER_S_splited\test\Fear\0041.avi
datasets\CAER_S_splited\test\Fear\0047.avi
datasets\CAER_S_splited\test\Fear\0060.avi
datasets\CAER_S_splited\test\Fear\0094.avi
datasets\CAER_S_splited\test\Happy\0061.avi
datasets\CAER_S_splited\test\Happy\0082.avi
datasets\CAER_S_splited\test\Happy\0083.avi
datasets\CAER_S_splited\test\Happy\0101.avi
datasets\CAER_S_splited\test\Happy\0112.avi
datasets\CAER_S_splited\test\Happy\0115.avi
datasets\CAER_S_splited\test\Happy\0116.avi
datasets\CAER_S_splited\test\Happy\0151.avi
datasets\CAER_S_splited\test\Happy\0161.avi
datasets\CAER_S_splited\test\Happy\0188.avi
datasets\CAER_S_splited\test\Happy\0190.avi
datasets\CAER_S_splited\test\Happy\0193.avi
datasets\CAER_S_splited\test\Happy\0196.avi
datasets\CAER_S_splited\test\Happy\0202.avi
datasets\CAER_S_splited\test\Happy\0205.avi
datasets\CAER_S_splited\test\Happy\0206.avi
datasets\CAER_S_splited\test\Happy\0231.avi
datasets\CAER_S_splited\test\Happy\0241.avi
datasets\CAER_S_splited\test\Happy\0250.avi
datasets\CAER_S_splited\test\Happy\0268.avi
datasets\CAER_S_splited\test\Happy\0279.avi
datasets\CAER_S_splited\test\Happy\0280.avi
datasets\CAER_S_splited\test\Happy\0283.avi
datasets\CAER_S_splited\test\Happy\0302.avi
datasets\CAER_S_splited\test\Happy\0303.avi
datasets\CAER_S_splited\test\Happy\0304.avi
datasets\CAER_S_splited\test\Happy\0305.avi
datasets\CAER_S_splited\test\Happy\0306.avi
datasets\CAER_S_splited\test\Happy\0364.avi
datasets\CAER_S_splited\test\Happy\0407.avi
datasets\CAER_S_splited\test\Happy\0408.avi
datasets\CAER_S_splited\test\Happy\0427.avi
datasets\CAER_S_splited\test\Happy\0428.avi
datasets\CAER_S_splited\test\Happy\0459.avi
datasets\CAER_S_splited\test\Happy\0481.avi
datasets\CAER_S_splited\test\Happy\0486.avi
datasets\CAER_S_splited\test\Happy\0503.avi
datasets\CAER_S_splited\test\Happy\0522.avi
datasets\CAER_S_splited\test\Neutral\0003.avi
datasets\CAER_S_splited\test\Neutral\0018.avi
datasets\CAER_S_splited\test\Neutral\0067.avi
datasets\CAER_S_splited\test\Neutral\0149.avi
datasets\CAER_S_splited\test\Neutral\0229.avi
datasets\CAER_S_splited\test\Neutral\0231.avi
datasets\CAER_S_splited\test\Neutral\0241.avi
datasets\CAER_S_splited\test\Neutral\0242.avi
datasets\CAER_S_splited\test\Neutral\0262.avi
datasets\CAER_S_splited\test\Neutral\0285.avi
datasets\CAER_S_splited\test\Neutral\0300.avi
datasets\CAER_S_splited\test\Neutral\0354.avi
datasets\CAER_S_splited\test\Neutral\0373.avi
datasets\CAER_S_splited\test\Neutral\0384.avi
datasets\CAER_S_splited\test\Neutral\0402.avi
datasets\CAER_S_splited\test\Neutral\0430.avi
datasets\CAER_S_splited\test\Neutral\0467.avi
datasets\CAER_S_splited\test\Neutral\0510.avi
datasets\CAER_S_splited\test\Neutral\0529.avi
datasets\CAER_S_splited\test\Neutral\0607.avi
datasets\CAER_S_splited\test\Neutral\0614.avi
datasets\CAER_S_splited\test\Neutral\0626.avi
datasets\CAER_S_splited\test\Neutral\0632.avi
datasets\CAER_S_splited\test\Neutral\0633.avi
datasets\CAER_S_splited\test\Neutral\0639.avi
datasets\CAER_S_splited\test\Neutral\0672.avi
datasets\CAER_S_splited\test\Neutral\0678.avi
datasets\CAER_S_splited\test\Neutral\0692.avi
datasets\CAER_S_splited\test\Neutral\0720.avi
datasets\CAER_S_splited\test\Neutral\0723.avi
datasets\CAER_S_splited\test\Neutral\0731.avi
datasets\CAER_S_splited\test\Neutral\0734.avi
datasets\CAER_S_splited\test\Neutral\0740.avi
datasets\CAER_S_splited\test\Neutral\0744.avi
datasets\CAER_S_splited\test\Neutral\0773.avi
datasets\CAER_S_splited\test\Neutral\0783.avi
datasets\CAER_S_splited\test\Neutral\0793.avi
datasets\CAER_S_splited\test\Neutral\0849.avi
datasets\CAER_S_splited\test\Neutral\0863.avi
datasets\CAER_S_splited\test\Neutral\0864.avi
datasets\CAER_S_splited\test\Neutral\0868.avi
datasets\CAER_S_splited\test\Neutral\0881.avi
datasets\CAER_S_splited\test\Neutral\0886.avi
datasets\CAER_S_splited\test\Neutral\0895.avi
datasets\CAER_S_splited\test\Neutral\0913.avi
datasets\CAER_S_splited\test\Sad\0017.avi
datasets\CAER_S_splited\test\Sad\0058.avi
datasets\CAER_S_splited\test\Sad\0060.avi
datasets\CAER_S_splited\test\Sad\0070.avi
datasets\CAER_S_splited\test\Sad\0077.avi
datasets\CAER_S_splited\test\Sad\0119.avi
datasets\CAER_S_splited\test\Sad\0157.avi
datasets\CAER_S_splited\test\Sad\0182.avi
datasets\CAER_S_splited\test\Sad\0191.avi
datasets\CAER_S_splited\test\Sad\0192.avi
datasets\CAER_S_splited\test\Sad\0193.avi
datasets\CAER_S_splited\test\Sad\0194.avi
datasets\CAER_S_splited\test\Sad\0223.avi
datasets\CAER_S_splited\test\Sad\0244.avi
datasets\CAER_S_splited\test\Sad\0246.avi
datasets\CAER_S_splited\test\Sad\0267.avi
datasets\CAER_S_splited\test\Sad\0268.avi
datasets\CAER_S_splited\test\Surprise\0087.avi
datasets\CAER_S_splited\test\Surprise\0104.avi
datasets\CAER_S_splited\test\Surprise\0124.avi
datasets\CAER_S_splited\test\Surprise\0141.avi
datasets\CAER_S_splited\test\Surprise\0142.avi
datasets\CAER_S_splited\test\Surprise\0179.avi
datasets\CAER_S_splited\test\Surprise\0181.avi
datasets\CAER_S_splited\test\Surprise\0184.avi
datasets\CAER_S_splited\test\Surprise\0190.avi
datasets\CAER_S_splited\test\Surprise\0193.avi
datasets\CAER_S_splited\test\Surprise\0202.avi
datasets\CAER_S_splited\test\Surprise\0204.avi
datasets\CAER_S_splited\test\Surprise\0209.avi
datasets\CAER_S_splited\test\Surprise\0215.avi
datasets\CAER_S_splited\test\Surprise\0220.avi
datasets\CAER_S_splited\test\Surprise\0226.avi
datasets\CAER_S_splited\test\Surprise\0227.avi
datasets\CAER_S_splited\test\Surprise\0228.avi
datasets\CAER_S_splited\test\Surprise\0230.avi
datasets\CAER_S_splited\test\Surprise\0236.avi
datasets\CAER_S_splited\test\Surprise\0253.avi
datasets\CAER_S_splited\test\Surprise\0257.avi
datasets\CAER_S_splited\test\Surprise\0275.avi
datasets\CAER_S_splited\test\Surprise\0278.avi
datasets\CAER_S_splited\test\Surprise\0281.avi
datasets\CAER_S_splited\test\Surprise\0283.avi
datasets\CAER_S_splited\test\Surprise\0290.avi
datasets\CAER_S_splited\validation\Anger\0031.avi
datasets\CAER_S_splited\validation\Anger\0051.avi
datasets\CAER_S_splited\validation\Anger\0058.avi
datasets\CAER_S_splited\validation\Anger\0073.avi
datasets\CAER_S_splited\validation\Anger\0096.avi
datasets\CAER_S_splited\validation\Anger\0103.avi
datasets\CAER_S_splited\validation\Anger\0110.avi
datasets\CAER_S_splited\validation\Anger\0117.avi
datasets\CAER_S_splited\validation\Anger\0122.avi
datasets\CAER_S_splited\validation\Anger\0137.avi
datasets\CAER_S_splited\validation\Disgust\0011.avi
datasets\CAER_S_splited\validation\Disgust\0014.avi
datasets\CAER_S_splited\validation\Disgust\0025.avi
datasets\CAER_S_splited\validation\Disgust\0028.avi
datasets\CAER_S_splited\validation\Disgust\0034.avi
datasets\CAER_S_splited\validation\Disgust\0051.avi
datasets\CAER_S_splited\validation\Disgust\0055.avi
datasets\CAER_S_splited\validation\Disgust\0061.avi
datasets\CAER_S_splited\validation\Fear\0023.avi
datasets\CAER_S_splited\validation\Fear\0025.avi
datasets\CAER_S_splited\validation\Fear\0031.avi
datasets\CAER_S_splited\validation\Fear\0045.avi
datasets\CAER_S_splited\validation\Fear\0047.avi
datasets\CAER_S_splited\validation\Happy\0012.avi
datasets\CAER_S_splited\validation\Happy\0022.avi
datasets\CAER_S_splited\validation\Happy\0036.avi
datasets\CAER_S_splited\validation\Happy\0038.avi
datasets\CAER_S_splited\validation\Happy\0058.avi
datasets\CAER_S_splited\validation\Happy\0086.avi
datasets\CAER_S_splited\validation\Happy\0090.avi
datasets\CAER_S_splited\validation\Happy\0098.avi
datasets\CAER_S_splited\validation\Happy\0135.avi
datasets\CAER_S_splited\validation\Happy\0136.avi
datasets\CAER_S_splited\validation\Happy\0138.avi
datasets\CAER_S_splited\validation\Happy\0144.avi
datasets\CAER_S_splited\validation\Happy\0167.avi
datasets\CAER_S_splited\validation\Happy\0201.avi
datasets\CAER_S_splited\validation\Happy\0202.avi
datasets\CAER_S_splited\validation\Happy\0206.avi
datasets\CAER_S_splited\validation\Happy\0228.avi
datasets\CAER_S_splited\validation\Happy\0229.avi
datasets\CAER_S_splited\validation\Happy\0239.avi
datasets\CAER_S_splited\validation\Happy\0245.avi
datasets\CAER_S_splited\validation\Happy\0250.avi
datasets\CAER_S_splited\validation\Happy\0252.avi
datasets\CAER_S_splited\validation\Happy\0254.avi
datasets\CAER_S_splited\validation\Happy\0260.avi
datasets\CAER_S_splited\validation\Neutral\0034.avi
datasets\CAER_S_splited\validation\Neutral\0075.avi
datasets\CAER_S_splited\validation\Neutral\0099.avi
datasets\CAER_S_splited\validation\Neutral\0105.avi
datasets\CAER_S_splited\validation\Neutral\0109.avi
datasets\CAER_S_splited\validation\Neutral\0116.avi
datasets\CAER_S_splited\validation\Neutral\0254.avi
datasets\CAER_S_splited\validation\Neutral\0262.avi
datasets\CAER_S_splited\validation\Neutral\0285.avi
datasets\CAER_S_splited\validation\Neutral\0295.avi
datasets\CAER_S_splited\validation\Neutral\0329.avi
datasets\CAER_S_splited\validation\Neutral\0331.avi
datasets\CAER_S_splited\validation\Neutral\0332.avi
datasets\CAER_S_splited\validation\Neutral\0334.avi
datasets\CAER_S_splited\validation\Neutral\0339.avi
datasets\CAER_S_splited\validation\Neutral\0343.avi
datasets\CAER_S_splited\validation\Neutral\0351.avi
datasets\CAER_S_splited\validation\Neutral\0374.avi
datasets\CAER_S_splited\validation\Neutral\0376.avi
datasets\CAER_S_splited\validation\Neutral\0393.avi
datasets\CAER_S_splited\validation\Neutral\0396.avi
datasets\CAER_S_splited\validation\Neutral\0404.avi
datasets\CAER_S_splited\validation\Neutral\0410.avi
datasets\CAER_S_splited\validation\Neutral\0414.avi
datasets\CAER_S_splited\validation\Neutral\0417.avi
datasets\CAER_S_splited\validation\Neutral\0423.avi
datasets\CAER_S_splited\validation\Neutral\0425.avi
datasets\CAER_S_splited\validation\Sad\0029.avi
datasets\CAER_S_splited\validation\Sad\0030.avi
datasets\CAER_S_splited\validation\Sad\0046.avi
datasets\CAER_S_splited\validation\Sad\0063.avi
datasets\CAER_S_splited\validation\Sad\0071.avi
datasets\CAER_S_splited\validation\Sad\0080.avi
datasets\CAER_S_splited\validation\Sad\0082.avi
datasets\CAER_S_splited\validation\Sad\0084.avi
datasets\CAER_S_splited\validation\Sad\0123.avi
datasets\CAER_S_splited\validation\Sad\0126.avi
datasets\CAER_S_splited\validation\Sad\0127.avi
datasets\CAER_S_splited\validation\Sad\0135.avi
datasets\CAER_S_splited\validation\Surprise\0031.avi
datasets\CAER_S_splited\validation\Surprise\0041.avi
datasets\CAER_S_splited\validation\Surprise\0031.avi
datasets\CAER_S_splited\validation\Surprise\0063.avi
datasets\CAER_S_splited\validation\Surprise\0089.avi
datasets\CAER_S_splited\validation\Surprise\0098.avi
datasets\CAER_S_splited\validation\Surprise\0108.avi
datasets\CAER_S_splited\validation\Surprise\0113.avi
datasets\CAER_S_splited\validation\Surprise\0118.avi
datasets\CAER_S_splited\validation\Surprise\0124.avi
datasets\CAER_S_splited\validation\Surprise\0131.avi
datasets\CAER_S_splited\validation\Surprise\0144.avi
datasets\CAER_S_splited\validation\Surprise\0152.avi
datasets\CAER_S_splited\validation\Surprise\0153.avi
datasets\CAER_S_splited\validation\Surprise\0154.avi
datasets\CAER_S_splited\train\Anger\0101.avi
datasets\CAER_S_splited\train\Anger\0103.avi
datasets\CAER_S_splited\train\Anger\0182.avi
datasets\CAER_S_splited\train\Anger\0185.avi
datasets\CAER_S_splited\train\Anger\0196.avi
datasets\CAER_S_splited\train\Anger\0338.avi
datasets\CAER_S_splited\train\Anger\0382.avi
datasets\CAER_S_splited\train\Anger\0401.avi
datasets\CAER_S_splited\train\Anger\0402.avi
datasets\CAER_S_splited\train\Anger\0403.avi
datasets\CAER_S_splited\train\Anger\0406.avi
datasets\CAER_S_splited\train\Anger\0449.avi
datasets\CAER_S_splited\train\Anger\0582.avi
datasets\CAER_S_splited\train\Anger\0610.avi
datasets\CAER_S_splited\train\Anger\0618.avi
datasets\CAER_S_splited\train\Anger\0707.avi
datasets\CAER_S_splited\train\Anger\0712.avi
datasets\CAER_S_splited\train\Anger\0714.avi
datasets\CAER_S_splited\train\Anger\0715.avi
datasets\CAER_S_splited\train\Anger\0726.avi
datasets\CAER_S_splited\train\Anger\0727.avi
datasets\CAER_S_splited\train\Anger\0735.avi
datasets\CAER_S_splited\train\Anger\0747.avi
datasets\CAER_S_splited\train\Anger\0749.avi
datasets\CAER_S_splited\train\Anger\0751.avi
datasets\CAER_S_splited\train\Anger\0752.avi
datasets\CAER_S_splited\train\Anger\0753.avi
datasets\CAER_S_splited\train\Anger\0754.avi
datasets\CAER_S_splited\train\Anger\0756.avi
datasets\CAER_S_splited\train\Anger\0811.avi
datasets\CAER_S_splited\train\Anger\0841.avi
datasets\CAER_S_splited\train\Anger\0846.avi
datasets\CAER_S_splited\train\Anger\0847.avi
datasets\CAER_S_splited\train\Anger\0855.avi
datasets\CAER_S_splited\train\Anger\0856.avi
datasets\CAER_S_splited\train\Anger\0869.avi
datasets\CAER_S_splited\train\Anger\0881.avi
datasets\CAER_S_splited\train\Anger\0890.avi
datasets\CAER_S_splited\train\Anger\0916.avi
datasets\CAER_S_splited\train\Anger\0925.avi
datasets\CAER_S_splited\train\Anger\0940.avi
datasets\CAER_S_splited\train\Anger\0962.avi
datasets\CAER_S_splited\train\Anger\0965.avi
datasets\CAER_S_splited\train\Anger\0969.avi
datasets\CAER_S_splited\train\Anger\0978.avi
datasets\CAER_S_splited\train\Anger\0980.avi
datasets\CAER_S_splited\train\Anger\0990.avi
datasets\CAER_S_splited\train\Anger\1000.avi
datasets\CAER_S_splited\train\Anger\1006.avi
datasets\CAER_S_splited\train\Anger\1038.avi
datasets\CAER_S_splited\train\Anger\1042.avi
datasets\CAER_S_splited\train\Anger\1043.avi
datasets\CAER_S_splited\train\Anger\1077.avi
datasets\CAER_S_splited\train\Anger\1093.avi
datasets\CAER_S_splited\train\Anger\1103.avi
datasets\CAER_S_splited\train\Disgust\0003.avi
datasets\CAER_S_splited\train\Disgust\0007.avi
datasets\CAER_S_splited\train\Disgust\0044.avi
datasets\CAER_S_splited\train\Disgust\0047.avi
datasets\CAER_S_splited\train\Disgust\0060.avi
datasets\CAER_S_splited\train\Disgust\0103.avi
datasets\CAER_S_splited\train\Disgust\0112.avi
datasets\CAER_S_splited\train\Disgust\0132.avi
datasets\CAER_S_splited\train\Disgust\0134.avi
datasets\CAER_S_splited\train\Disgust\0135.avi
datasets\CAER_S_splited\train\Disgust\0136.avi
datasets\CAER_S_splited\train\Disgust\0135.avi
datasets\CAER_S_splited\train\Disgust\0136.avi
datasets\CAER_S_splited\train\Disgust\0140.avi
datasets\CAER_S_splited\train\Disgust\0142.avi
datasets\CAER_S_splited\train\Disgust\0151.avi
datasets\CAER_S_splited\train\Disgust\0160.avi
datasets\CAER_S_splited\train\Disgust\0169.avi
datasets\CAER_S_splited\train\Disgust\0186.avi
datasets\CAER_S_splited\train\Disgust\0203.avi
datasets\CAER_S_splited\train\Disgust\0204.avi
datasets\CAER_S_splited\train\Disgust\0216.avi
datasets\CAER_S_splited\train\Disgust\0248.avi
datasets\CAER_S_splited\train\Disgust\0268.avi
datasets\CAER_S_splited\train\Disgust\0272.avi
datasets\CAER_S_splited\train\Disgust\0273.avi
datasets\CAER_S_splited\train\Disgust\0277.avi
datasets\CAER_S_splited\train\Disgust\0281.avi
datasets\CAER_S_splited\train\Disgust\0283.avi
datasets\CAER_S_splited\train\Disgust\0286.avi
datasets\CAER_S_splited\train\Disgust\0297.avi
datasets\CAER_S_splited\train\Disgust\0298.avi
datasets\CAER_S_splited\train\Disgust\0302.avi
datasets\CAER_S_splited\train\Disgust\0319.avi
datasets\CAER_S_splited\train\Disgust\0327.avi
datasets\CAER_S_splited\train\Disgust\0348.avi
datasets\CAER_S_splited\train\Disgust\0365.avi
datasets\CAER_S_splited\train\Disgust\0457.avi
datasets\CAER_S_splited\train\Disgust\0480.avi
datasets\CAER_S_splited\train\Disgust\0484.avi
datasets\CAER_S_splited\train\Disgust\0485.avi
datasets\CAER_S_splited\train\Disgust\0486.avi
datasets\CAER_S_splited\train\Fear\0012.avi
datasets\CAER_S_splited\train\Fear\0042.avi
datasets\CAER_S_splited\train\Fear\0055.avi
datasets\CAER_S_splited\train\Fear\0057.avi
datasets\CAER_S_splited\train\Fear\0076.avi
datasets\CAER_S_splited\train\Fear\0095.avi
datasets\CAER_S_splited\train\Fear\0129.avi
datasets\CAER_S_splited\train\Fear\0137.avi
datasets\CAER_S_splited\train\Fear\0156.avi
datasets\CAER_S_splited\train\Fear\0171.avi
datasets\CAER_S_splited\train\Fear\0183.avi
datasets\CAER_S_splited\train\Fear\0184.avi
datasets\CAER_S_splited\train\Fear\0185.avi
datasets\CAER_S_splited\train\Fear\0193.avi
datasets\CAER_S_splited\train\Fear\0196.avi
datasets\CAER_S_splited\train\Fear\0206.avi
datasets\CAER_S_splited\train\Fear\0209.avi
datasets\CAER_S_splited\train\Fear\0212.avi
datasets\CAER_S_splited\train\Fear\0222.avi
datasets\CAER_S_splited\train\Fear\0240.avi
datasets\CAER_S_splited\train\Fear\0245.avi
datasets\CAER_S_splited\train\Fear\0246.avi
datasets\CAER_S_splited\train\Fear\0293.avi
datasets\CAER_S_splited\train\Fear\0296.avi
datasets\CAER_S_splited\train\Fear\0298.avi
datasets\CAER_S_splited\train\Fear\0304.avi
datasets\CAER_S_splited\train\Fear\0309.avi
datasets\CAER_S_splited\train\Fear\0312.avi
datasets\CAER_S_splited\train\Fear\0330.avi
datasets\CAER_S_splited\train\Sad\0024.avi
datasets\CAER_S_splited\train\Sad\0037.avi
datasets\CAER_S_splited\train\Sad\0045.avi
datasets\CAER_S_splited\train\Sad\0050.avi
datasets\CAER_S_splited\train\Sad\0066.avi
datasets\CAER_S_splited\train\Sad\0067.avi
datasets\CAER_S_splited\train\Sad\0079.avi
datasets\CAER_S_splited\train\Sad\0080.avi
datasets\CAER_S_splited\train\Sad\0087.avi
datasets\CAER_S_splited\train\Sad\0111.avi
datasets\CAER_S_splited\train\Sad\0117.avi
datasets\CAER_S_splited\train\Sad\0120.avi
datasets\CAER_S_splited\train\Sad\0158.avi
datasets\CAER_S_splited\train\Sad\0164.avi
datasets\CAER_S_splited\train\Sad\0171.avi
datasets\CAER_S_splited\train\Sad\0172.avi
datasets\CAER_S_splited\train\Sad\0177.avi
datasets\CAER_S_splited\train\Sad\0184.avi
datasets\CAER_S_splited\train\Sad\0215.avi
datasets\CAER_S_splited\train\Sad\0236.avi
datasets\CAER_S_splited\train\Sad\0246.avi
datasets\CAER_S_splited\train\Sad\0247.avi
datasets\CAER_S_splited\train\Sad\0250.avi
datasets\CAER_S_splited\train\Sad\0274.avi
datasets\CAER_S_splited\train\Sad\0275.avi
datasets\CAER_S_splited\train\Sad\0283.avi
datasets\CAER_S_splited\train\Sad\0294.avi
datasets\CAER_S_splited\train\Sad\0302.avi
datasets\CAER_S_splited\train\Sad\0307.avi
